separation: run sealed_final (SEALED)
separation: endpoint https://multilora-ep.southcentralus.inference.ml.azure.com/v1/chat/completions
separation: goals eval/sealed_goals.jsonl (160 goals)
separation: arms base->base, meridian->meridian, vantage->vantage
separation: concurrency 4
separation: raw log eval/logs/separation_raw_sealed_sealed_final.jsonl
separation: [   1/480] base      goal 801   http 200 2.386s
separation: [   2/480] base      goal 804   http 200 6.179s
separation: [   3/480] base      goal 802   http 200 6.180s
separation: [   4/480] base      goal 803   http 200 6.386s
separation: [   5/480] base      goal 805   http 200 5.529s
separation: [   6/480] base      goal 807   http 200 5.318s
separation: [   7/480] base      goal 808   http 200 5.419s
separation: [   8/480] base      goal 806   http 200 5.729s
separation: [   9/480] base      goal 809   http 200 4.916s
separation: [  10/480] base      goal 813   http 200 2.457s
separation: [  11/480] base      goal 812   http 200 3.889s
separation: [  12/480] base      goal 810   http 200 5.939s
separation: [  13/480] base      goal 811   http 200 6.656s
separation: [  14/480] base      goal 815   http 200 4.508s
separation: [  15/480] base      goal 814   http 200 5.121s
separation: [  16/480] base      goal 816   http 200 5.434s
separation: [  17/480] base      goal 818   http 200 4.503s
separation: [  18/480] base      goal 817   http 200 6.962s
separation: [  19/480] base      goal 820   http 200 3.578s
separation: [  20/480] base      goal 819   http 200 6.963s
separation: [  21/480] base      goal 822   http 200 2.154s
separation: [  22/480] base      goal 825   http 200 2.349s
separation: [  23/480] base      goal 821   http 200 7.885s
separation: [  24/480] base      goal 823   http 200 6.245s
separation: [  25/480] base      goal 824   http 200 5.362s
separation: [  26/480] base      goal 826   http 200 4.403s
separation: [  27/480] base      goal 830   http 200 2.254s
separation: [  28/480] base      goal 829   http 200 4.265s
separation: [  29/480] base      goal 828   http 200 5.505s
separation: [  30/480] base      goal 832   http 200 4.912s
separation: [  31/480] base      goal 827   http 200 9.522s
separation: [  32/480] base      goal 831   http 200 6.450s
separation: [  33/480] base      goal 833   http 200 5.145s
separation: [  34/480] base      goal 835   http 200 3.277s
separation: [  35/480] base      goal 834   http 200 4.812s
separation: [  36/480] base      goal 836   http 200 6.146s
separation: [  37/480] base      goal 837   http 200 6.448s
separation: [  38/480] base      goal 838   http 200 6.477s
separation: [  39/480] base      goal 841   http 200 2.773s
separation: [  40/480] base      goal 839   http 200 5.880s
separation: [  41/480] base      goal 840   http 200 5.324s
separation: [  42/480] base      goal 843   http 200 3.682s
separation: [  43/480] base      goal 842   http 200 5.736s
separation: [  44/480] base      goal 844   http 200 5.793s
separation: [  45/480] base      goal 845   http 200 6.054s
separation: [  46/480] base      goal 846   http 200 6.015s
separation: [  47/480] base      goal 847   http 200 5.607s
separation: [  48/480] base      goal 848   http 200 6.966s
separation: [  49/480] base      goal 850   http 200 5.141s
separation: [  50/480] base      goal 849   http 200 8.384s
separation: [  51/480] base      goal 851   http 200 6.857s
separation: [  52/480] base      goal 853   http 200 3.073s
separation: [  53/480] base      goal 852   http 200 5.119s
separation: [  54/480] base      goal 854   http 200 5.323s
separation: [  55/480] base      goal 855   http 200 5.223s
separation: [  56/480] base      goal 856   http 200 5.425s
separation: [  57/480] base      goal 858   http 200 2.076s
separation: [  58/480] base      goal 857   http 200 8.603s
separation: [  59/480] base      goal 861   http 200 3.045s
separation: [  60/480] base      goal 859   http 200 6.043s
separation: [  61/480] base      goal 860   http 200 5.837s
separation: [  62/480] base      goal 863   http 200 2.354s
separation: [  63/480] base      goal 866   http 200 3.182s
separation: [  64/480] base      goal 865   http 200 5.119s
separation: [  65/480] base      goal 864   http 200 6.357s
separation: [  66/480] base      goal 862   http 200 9.933s
separation: [  67/480] base      goal 867   http 200 6.239s
separation: [  68/480] base      goal 870   http 200 2.863s
separation: [  69/480] base      goal 869   http 200 6.139s
separation: [  70/480] base      goal 868   http 200 7.272s
separation: [  71/480] base      goal 872   http 200 4.812s
separation: [  72/480] base      goal 871   http 200 6.757s
separation: [  73/480] base      goal 874   http 200 4.915s
separation: [  74/480] base      goal 873   http 200 5.730s
separation: [  75/480] base      goal 875   http 200 2.996s
separation: [  76/480] base      goal 878   http 200 2.352s
separation: [  77/480] base      goal 877   http 200 6.144s
separation: [  78/480] base      goal 880   http 200 3.485s
separation: [  79/480] base      goal 879   http 200 6.224s
separation: [  80/480] base      goal 876   http 200 10.034s
separation: [  81/480] base      goal 881   http 200 2.969s
separation: [  82/480] base      goal 882   http 200 6.450s
separation: [  83/480] base      goal 885   http 200 5.634s
separation: [  84/480] base      goal 884   http 200 6.147s
separation: [  85/480] base      goal 883   http 200 8.903s
separation: [  86/480] base      goal 886   http 200 6.654s
separation: [  87/480] base      goal 887   http 200 5.840s
separation: [  88/480] base      goal 888   http 200 6.039s
separation: [  89/480] base      goal 889   http 200 5.945s
separation: [  90/480] base      goal 892   http 200 2.867s
separation: [  91/480] base      goal 893   http 200 2.454s
separation: [  92/480] base      goal 891   http 200 6.467s
separation: [  93/480] base      goal 895   http 200 5.223s
separation: [  94/480] base      goal 894   http 200 5.449s
separation: [  95/480] base      goal 890   http 200 11.365s
separation: [  96/480] base      goal 896   http 200 6.021s
separation: [  97/480] base      goal 898   http 200 4.995s
separation: [  98/480] base      goal 899   http 200 6.043s
separation: [  99/480] base      goal 900   http 200 4.608s
separation: [ 100/480] base      goal 897   http 200 8.700s
separation: [ 101/480] base      goal 901   http 200 6.246s
separation: [ 102/480] base      goal 902   http 200 4.303s
separation: [ 103/480] base      goal 903   http 200 3.789s
separation: [ 104/480] base      goal 906   http 200 2.455s
separation: [ 105/480] base      goal 905   http 200 5.434s
separation: [ 106/480] base      goal 904   http 200 8.500s
separation: [ 107/480] base      goal 909   http 200 3.183s
separation: [ 108/480] base      goal 907   http 200 9.419s
separation: [ 109/480] base      goal 908   http 200 7.269s
separation: [ 110/480] base      goal 910   http 200 5.325s
separation: [ 111/480] base      goal 913   http 200 2.052s
separation: [ 112/480] base      goal 911   http 200 6.027s
separation: [ 113/480] base      goal 915   http 200 2.249s
separation: [ 114/480] base      goal 914   http 200 3.685s
separation: [ 115/480] base      goal 912   http 200 5.428s
separation: [ 116/480] base      goal 918   http 200 3.813s
separation: [ 117/480] base      goal 916   http 200 5.938s
separation: [ 118/480] base      goal 919   http 200 6.143s
separation: [ 119/480] base      goal 921   http 200 3.584s
separation: [ 120/480] base      goal 920   http 200 5.917s
separation: [ 121/480] base      goal 917   http 200 10.052s
separation: [ 122/480] base      goal 922   http 200 5.529s
separation: [ 123/480] base      goal 924   http 200 5.123s
separation: [ 124/480] base      goal 925   http 200 6.126s
separation: [ 125/480] base      goal 923   http 200 8.602s
separation: [ 126/480] base      goal 926   http 200 5.531s
separation: [ 127/480] base      goal 929   http 200 2.061s
separation: [ 128/480] base      goal 927   http 200 5.217s
separation: [ 129/480] base      goal 928   http 200 6.348s
separation: [ 130/480] base      goal 930   http 200 4.915s
separation: [ 131/480] base      goal 932   http 200 3.394s
separation: [ 132/480] base      goal 933   http 200 2.766s
separation: [ 133/480] base      goal 931   http 200 7.154s
separation: [ 134/480] base      goal 935   http 200 4.407s
separation: [ 135/480] base      goal 934   http 200 5.037s
separation: [ 136/480] base      goal 938   http 200 2.542s
separation: [ 137/480] base      goal 936   http 200 6.041s
separation: [ 138/480] base      goal 937   http 200 5.734s
separation: [ 139/480] base      goal 940   http 200 2.353s
separation: [ 140/480] base      goal 939   http 200 7.355s
separation: [ 141/480] base      goal 942   http 200 2.764s
separation: [ 142/480] base      goal 941   http 200 6.758s
separation: [ 143/480] base      goal 944   http 200 5.124s
separation: [ 144/480] base      goal 946   http 200 2.765s
separation: [ 145/480] base      goal 945   http 200 5.339s
separation: [ 146/480] base      goal 943   http 200 8.710s
separation: [ 147/480] base      goal 949   http 200 4.389s
separation: [ 148/480] base      goal 947   http 200 5.747s
separation: [ 149/480] base      goal 950   http 200 5.112s
separation: [ 150/480] base      goal 948   http 200 6.348s
separation: [ 151/480] base      goal 953   http 200 2.253s
separation: [ 152/480] base      goal 954   http 200 3.994s
separation: [ 153/480] base      goal 952   http 200 5.406s
separation: [ 154/480] base      goal 951   http 200 6.782s
separation: [ 155/480] base      goal 955   http 200 4.812s
separation: [ 156/480] base      goal 958   http 200 4.377s
separation: [ 157/480] base      goal 957   http 200 6.248s
separation: [ 158/480] base      goal 956   http 200 6.963s
separation: [ 159/480] base      goal 959   http 200 6.961s
separation: [ 160/480] base      goal 960   http 200 6.349s
separation: [ 161/480] meridian  goal 802   http 200 11.981s
separation: [ 162/480] meridian  goal 801   http 200 13.324s
separation: [ 163/480] meridian  goal 803   http 200 12.801s
separation: [ 164/480] meridian  goal 804   http 200 12.699s
separation: [ 165/480] meridian  goal 805   http 200 12.493s
separation: [ 166/480] meridian  goal 806   http 200 12.477s
separation: [ 167/480] meridian  goal 807   http 200 12.903s
separation: [ 168/480] meridian  goal 808   http 200 13.414s
separation: [ 169/480] meridian  goal 810   http 200 11.980s
separation: [ 170/480] meridian  goal 809   http 200 13.617s
separation: [ 171/480] meridian  goal 811   http 200 12.905s
separation: [ 172/480] meridian  goal 812   http 200 12.084s
separation: [ 173/480] meridian  goal 813   http 200 12.396s
separation: [ 174/480] meridian  goal 814   http 200 12.903s
separation: [ 175/480] meridian  goal 815   http 200 12.591s
separation: [ 176/480] meridian  goal 816   http 200 12.599s
separation: [ 177/480] meridian  goal 817   http 200 13.004s
separation: [ 178/480] meridian  goal 818   http 200 13.208s
separation: [ 179/480] meridian  goal 819   http 200 12.902s
separation: [ 180/480] meridian  goal 820   http 200 11.666s
separation: [ 181/480] meridian  goal 822   http 200 11.775s
separation: [ 182/480] meridian  goal 821   http 200 13.410s
separation: [ 183/480] meridian  goal 823   http 200 13.319s
separation: [ 184/480] meridian  goal 824   http 200 13.007s
separation: [ 185/480] meridian  goal 825   http 200 12.084s
separation: [ 186/480] meridian  goal 826   http 200 12.492s
separation: [ 187/480] meridian  goal 827   http 200 12.691s
separation: [ 188/480] meridian  goal 828   http 200 12.710s
separation: [ 189/480] meridian  goal 829   http 200 13.212s
separation: [ 190/480] meridian  goal 830   http 200 14.027s
separation: [ 191/480] meridian  goal 831   http 200 10.977s
separation: [ 192/480] meridian  goal 832   http 200 12.786s
separation: [ 193/480] meridian  goal 834   http 200 12.732s
separation: [ 194/480] meridian  goal 833   http 200 14.645s
separation: [ 195/480] meridian  goal 835   http 200 13.190s
separation: [ 196/480] meridian  goal 836   http 200 13.902s
separation: [ 197/480] meridian  goal 838   http 200 12.185s
separation: [ 198/480] meridian  goal 837   http 200 12.676s
separation: [ 199/480] meridian  goal 839   http 200 12.596s
separation: [ 200/480] meridian  goal 840   http 200 11.289s
separation: [ 201/480] meridian  goal 841   http 200 12.184s
separation: [ 202/480] meridian  goal 842   http 200 14.337s
separation: [ 203/480] meridian  goal 844   http 200 11.982s
separation: [ 204/480] meridian  goal 843   http 200 13.745s
separation: [ 205/480] meridian  goal 845   http 200 11.681s
separation: [ 206/480] meridian  goal 847   http 200 11.884s
separation: [ 207/480] meridian  goal 846   http 200 13.403s
separation: [ 208/480] meridian  goal 848   http 200 13.285s
separation: [ 209/480] meridian  goal 849   http 200 14.429s
separation: [ 210/480] meridian  goal 850   http 200 12.382s
separation: [ 211/480] meridian  goal 851   http 200 13.595s
separation: [ 212/480] meridian  goal 852   http 200 13.215s
separation: [ 213/480] meridian  goal 853   http 200 12.723s
separation: [ 214/480] meridian  goal 854   http 200 13.929s
separation: [ 215/480] meridian  goal 855   http 200 13.745s
separation: [ 216/480] meridian  goal 856   http 200 13.716s
separation: [ 217/480] meridian  goal 857   http 200 13.592s
separation: [ 218/480] meridian  goal 858   http 200 13.829s
separation: [ 219/480] meridian  goal 859   http 200 11.674s
separation: [ 220/480] meridian  goal 860   http 200 13.413s
separation: [ 221/480] meridian  goal 861   http 200 13.931s
separation: [ 222/480] meridian  goal 863   http 200 13.131s
separation: [ 223/480] meridian  goal 862   http 200 13.519s
separation: [ 224/480] meridian  goal 864   http 200 12.094s
separation: [ 225/480] meridian  goal 865   http 200 13.944s
separation: [ 226/480] meridian  goal 868   http 200 11.971s
separation: [ 227/480] meridian  goal 867   http 200 13.200s
separation: [ 228/480] meridian  goal 866   http 200 13.908s
separation: [ 229/480] meridian  goal 869   http 200 12.268s
separation: [ 230/480] meridian  goal 872   http 200 12.075s
separation: [ 231/480] meridian  goal 871   http 200 13.117s
separation: [ 232/480] meridian  goal 870   http 200 14.237s
separation: [ 233/480] meridian  goal 873   http 200 14.131s
separation: [ 234/480] meridian  goal 874   http 200 13.108s
separation: [ 235/480] meridian  goal 876   http 200 12.449s
separation: [ 236/480] meridian  goal 875   http 200 13.403s
separation: [ 237/480] meridian  goal 878   http 200 12.595s
separation: [ 238/480] meridian  goal 877   http 200 13.517s
separation: [ 239/480] meridian  goal 879   http 200 12.957s
separation: [ 240/480] meridian  goal 880   http 200 13.521s
separation: [ 241/480] meridian  goal 881   http 200 10.751s
separation: [ 242/480] meridian  goal 883   http 200 12.581s
separation: [ 243/480] meridian  goal 884   http 200 12.282s
separation: [ 244/480] meridian  goal 882   http 200 13.723s
separation: [ 245/480] meridian  goal 885   http 200 12.593s
separation: [ 246/480] meridian  goal 886   http 200 12.905s
separation: [ 247/480] meridian  goal 887   http 200 12.594s
separation: [ 248/480] meridian  goal 888   http 200 13.412s
separation: [ 249/480] meridian  goal 889   http 200 11.163s
separation: [ 250/480] meridian  goal 890   http 200 11.465s
separation: [ 251/480] meridian  goal 892   http 200 11.263s
separation: [ 252/480] meridian  goal 891   http 200 13.430s
separation: [ 253/480] meridian  goal 893   http 200 13.004s
separation: [ 254/480] meridian  goal 894   http 200 13.002s
separation: [ 255/480] meridian  goal 895   http 200 13.210s
separation: [ 256/480] meridian  goal 896   http 200 12.478s
separation: [ 257/480] meridian  goal 897   http 200 13.642s
separation: [ 258/480] meridian  goal 898   http 200 13.518s
separation: [ 259/480] meridian  goal 899   http 200 12.701s
separation: [ 260/480] meridian  goal 900   http 200 12.394s
separation: [ 261/480] meridian  goal 901   http 200 12.775s
separation: [ 262/480] meridian  goal 904   http 200 11.668s
separation: [ 263/480] meridian  goal 903   http 200 12.412s
separation: [ 264/480] meridian  goal 902   http 200 14.072s
separation: [ 265/480] meridian  goal 905   http 200 13.233s
separation: [ 266/480] meridian  goal 906   http 200 12.801s
separation: [ 267/480] meridian  goal 907   http 200 12.979s
separation: [ 268/480] meridian  goal 908   http 200 14.805s
separation: [ 269/480] meridian  goal 909   http 200 13.089s
separation: [ 270/480] meridian  goal 911   http 200 12.595s
separation: [ 271/480] meridian  goal 910   http 200 13.827s
separation: [ 272/480] meridian  goal 912   http 200 12.652s
separation: [ 273/480] meridian  goal 913   http 200 12.206s
separation: [ 274/480] meridian  goal 914   http 200 13.415s
separation: [ 275/480] meridian  goal 915   http 200 13.821s
separation: [ 276/480] meridian  goal 916   http 200 13.050s
separation: [ 277/480] meridian  goal 917   http 200 12.286s
separation: [ 278/480] meridian  goal 918   http 200 13.312s
separation: [ 279/480] meridian  goal 919   http 200 12.698s
separation: [ 280/480] meridian  goal 920   http 200 11.366s
separation: [ 281/480] meridian  goal 921   http 200 12.062s
separation: [ 282/480] meridian  goal 922   http 200 11.575s
separation: [ 283/480] meridian  goal 924   http 200 12.701s
separation: [ 284/480] meridian  goal 923   http 200 13.314s
separation: [ 285/480] meridian  goal 925   http 200 11.899s
separation: [ 286/480] meridian  goal 926   http 200 12.796s
separation: [ 287/480] meridian  goal 927   http 200 13.208s
separation: [ 288/480] meridian  goal 928   http 200 13.517s
separation: [ 289/480] meridian  goal 929   http 200 12.985s
separation: [ 290/480] meridian  goal 930   http 200 12.698s
separation: [ 291/480] meridian  goal 932   http 200 11.572s
separation: [ 292/480] meridian  goal 931   http 200 12.595s
separation: [ 293/480] meridian  goal 933   http 200 12.187s
separation: [ 294/480] meridian  goal 934   http 200 12.700s
separation: [ 295/480] meridian  goal 935   http 200 12.290s
separation: [ 296/480] meridian  goal 936   http 200 13.007s
separation: [ 297/480] meridian  goal 937   http 200 10.752s
separation: [ 298/480] meridian  goal 938   http 200 13.415s
separation: [ 299/480] meridian  goal 939   http 200 12.493s
separation: [ 300/480] meridian  goal 940   http 200 12.719s
separation: [ 301/480] meridian  goal 941   http 200 13.004s
separation: [ 302/480] meridian  goal 942   http 200 12.388s
separation: [ 303/480] meridian  goal 943   http 200 12.389s
separation: [ 304/480] meridian  goal 944   http 200 12.883s
separation: [ 305/480] meridian  goal 945   http 200 11.266s
separation: [ 306/480] meridian  goal 946   http 200 12.290s
separation: [ 307/480] meridian  goal 947   http 200 12.903s
separation: [ 308/480] meridian  goal 948   http 200 12.698s
separation: [ 309/480] meridian  goal 949   http 200 13.416s
separation: [ 310/480] meridian  goal 951   http 200 11.365s
separation: [ 311/480] meridian  goal 950   http 200 13.412s
separation: [ 312/480] meridian  goal 952   http 200 12.492s
separation: [ 313/480] meridian  goal 953   http 200 14.437s
separation: [ 314/480] meridian  goal 954   http 200 12.188s
separation: [ 315/480] meridian  goal 955   http 200 13.417s
separation: [ 316/480] meridian  goal 956   http 200 13.210s
separation: [ 317/480] meridian  goal 957   http 200 13.209s
separation: [ 318/480] meridian  goal 958   http 200 13.213s
separation: [ 319/480] meridian  goal 960   http 200 12.187s
separation: [ 320/480] meridian  goal 959   http 200 13.828s
separation: [ 321/480] vantage   goal 801   http 200 10.037s
separation: [ 322/480] vantage   goal 802   http 200 10.545s
separation: [ 323/480] vantage   goal 803   http 200 9.524s
separation: [ 324/480] vantage   goal 804   http 200 10.440s
separation: [ 325/480] vantage   goal 805   http 200 9.830s
separation: [ 326/480] vantage   goal 806   http 200 9.214s
separation: [ 327/480] vantage   goal 808   http 200 9.524s
separation: [ 328/480] vantage   goal 807   http 200 11.063s
separation: [ 329/480] vantage   goal 809   http 200 10.344s
separation: [ 330/480] vantage   goal 810   http 200 9.012s
separation: [ 331/480] vantage   goal 811   http 200 10.037s
separation: [ 332/480] vantage   goal 812   http 200 10.548s
separation: [ 333/480] vantage   goal 813   http 200 10.649s
separation: [ 334/480] vantage   goal 814   http 200 10.754s
separation: [ 335/480] vantage   goal 815   http 200 9.931s
separation: [ 336/480] vantage   goal 816   http 200 10.250s
separation: [ 337/480] vantage   goal 817   http 200 10.649s
separation: [ 338/480] vantage   goal 818   http 200 10.238s
separation: [ 339/480] vantage   goal 819   http 200 10.038s
separation: [ 340/480] vantage   goal 820   http 200 10.329s
separation: [ 341/480] vantage   goal 821   http 200 10.547s
separation: [ 342/480] vantage   goal 822   http 200 11.160s
separation: [ 343/480] vantage   goal 823   http 200 9.522s
separation: [ 344/480] vantage   goal 824   http 200 10.139s
separation: [ 345/480] vantage   goal 825   http 200 10.243s
separation: [ 346/480] vantage   goal 826   http 200 9.626s
separation: [ 347/480] vantage   goal 827   http 200 10.137s
separation: [ 348/480] vantage   goal 828   http 200 10.160s
separation: [ 349/480] vantage   goal 829   http 200 9.455s
separation: [ 350/480] vantage   goal 830   http 200 10.037s
separation: [ 351/480] vantage   goal 831   http 200 10.447s
separation: [ 352/480] vantage   goal 832   http 200 10.221s
separation: [ 353/480] vantage   goal 833   http 200 10.619s
separation: [ 354/480] vantage   goal 834   http 200 9.623s
separation: [ 355/480] vantage   goal 835   http 200 9.729s
separation: [ 356/480] vantage   goal 836   http 200 11.463s
separation: [ 357/480] vantage   goal 837   http 200 10.564s
separation: [ 358/480] vantage   goal 838   http 200 10.564s
separation: [ 359/480] vantage   goal 839   http 200 10.252s
separation: [ 360/480] vantage   goal 840   http 200 10.562s
separation: [ 361/480] vantage   goal 841   http 200 10.640s
separation: [ 362/480] vantage   goal 842   http 200 10.639s
separation: [ 363/480] vantage   goal 843   http 200 10.956s
separation: [ 364/480] vantage   goal 844   http 200 10.945s
separation: [ 365/480] vantage   goal 845   http 200 10.223s
separation: [ 366/480] vantage   goal 846   http 200 10.452s
separation: [ 367/480] vantage   goal 847   http 200 10.742s
separation: [ 368/480] vantage   goal 848   http 200 10.048s
separation: [ 369/480] vantage   goal 849   http 200 10.660s
separation: [ 370/480] vantage   goal 850   http 200 10.654s
separation: [ 371/480] vantage   goal 851   http 200 11.277s
separation: [ 372/480] vantage   goal 852   http 200 9.202s
separation: [ 373/480] vantage   goal 853   http 200 11.671s
separation: [ 374/480] vantage   goal 854   http 200 11.270s
separation: [ 375/480] vantage   goal 855   http 200 10.743s
separation: [ 376/480] vantage   goal 856   http 200 10.648s
separation: [ 377/480] vantage   goal 857   http 200 10.664s
separation: [ 378/480] vantage   goal 858   http 200 11.155s
separation: [ 379/480] vantage   goal 859   http 200 10.344s
separation: [ 380/480] vantage   goal 860   http 200 10.354s
separation: [ 381/480] vantage   goal 861   http 200 11.578s
separation: [ 382/480] vantage   goal 862   http 200 10.736s
separation: [ 383/480] vantage   goal 863   http 200 11.462s
separation: [ 384/480] vantage   goal 864   http 200 11.253s
separation: [ 385/480] vantage   goal 865   http 200 10.535s
separation: [ 386/480] vantage   goal 866   http 200 10.450s
separation: [ 387/480] vantage   goal 867   http 200 10.666s
separation: [ 388/480] vantage   goal 868   http 200 11.170s
separation: [ 389/480] vantage   goal 869   http 200 10.340s
separation: [ 390/480] vantage   goal 870   http 200 9.541s
separation: [ 391/480] vantage   goal 871   http 200 11.262s
separation: [ 392/480] vantage   goal 872   http 200 10.541s
separation: [ 393/480] vantage   goal 873   http 200 10.442s
separation: [ 394/480] vantage   goal 874   http 200 10.125s
separation: [ 395/480] vantage   goal 875   http 200 10.738s
separation: [ 396/480] vantage   goal 876   http 200 10.546s
separation: [ 397/480] vantage   goal 877   http 200 10.459s
separation: [ 398/480] vantage   goal 878   http 200 11.050s
separation: [ 399/480] vantage   goal 879   http 200 10.357s
separation: [ 400/480] vantage   goal 880   http 200 10.241s
separation: [ 401/480] vantage   goal 881   http 200 10.148s
separation: [ 402/480] vantage   goal 882   http 200 10.854s
separation: [ 403/480] vantage   goal 884   http 200 10.242s
separation: [ 404/480] vantage   goal 883   http 200 11.353s
separation: [ 405/480] vantage   goal 885   http 200 8.901s
separation: [ 406/480] vantage   goal 886   http 200 10.650s
separation: [ 407/480] vantage   goal 887   http 200 10.955s
separation: [ 408/480] vantage   goal 888   http 200 10.761s
separation: [ 409/480] vantage   goal 889   http 200 11.142s
separation: [ 410/480] vantage   goal 890   http 200 10.244s
separation: [ 411/480] vantage   goal 891   http 200 10.758s
separation: [ 412/480] vantage   goal 892   http 200 10.939s
separation: [ 413/480] vantage   goal 893   http 200 10.153s
separation: [ 414/480] vantage   goal 894   http 200 11.273s
separation: [ 415/480] vantage   goal 895   http 200 10.645s
separation: [ 416/480] vantage   goal 896   http 200 10.869s
separation: [ 417/480] vantage   goal 897   http 200 10.437s
separation: [ 418/480] vantage   goal 898   http 200 10.340s
separation: [ 419/480] vantage   goal 899   http 200 9.937s
separation: [ 420/480] vantage   goal 900   http 200 11.462s
separation: [ 421/480] vantage   goal 901   http 200 11.463s
separation: [ 422/480] vantage   goal 902   http 200 10.450s
separation: [ 423/480] vantage   goal 903   http 200 10.762s
separation: [ 424/480] vantage   goal 904   http 200 10.560s
separation: [ 425/480] vantage   goal 905   http 200 11.338s
separation: [ 426/480] vantage   goal 906   http 200 10.663s
separation: [ 427/480] vantage   goal 907   http 200 10.133s
separation: [ 428/480] vantage   goal 908   http 200 10.964s
separation: [ 429/480] vantage   goal 909   http 200 10.493s
separation: [ 430/480] vantage   goal 910   http 200 10.323s
separation: [ 431/480] vantage   goal 911   http 200 11.254s
separation: [ 432/480] vantage   goal 912   http 200 10.629s
separation: [ 433/480] vantage   goal 913   http 200 10.339s
separation: [ 434/480] vantage   goal 914   http 200 10.026s
separation: [ 435/480] vantage   goal 915   http 200 10.957s
separation: [ 436/480] vantage   goal 917   http 200 10.844s
separation: [ 437/480] vantage   goal 916   http 200 11.469s
separation: [ 438/480] vantage   goal 918   http 200 10.671s
separation: [ 439/480] vantage   goal 919   http 200 10.854s
separation: [ 440/480] vantage   goal 920   http 200 9.926s
separation: [ 441/480] vantage   goal 921   http 200 10.960s
separation: [ 442/480] vantage   goal 922   http 200 10.294s
separation: [ 443/480] vantage   goal 923   http 200 10.857s
separation: [ 444/480] vantage   goal 924   http 200 10.876s
separation: [ 445/480] vantage   goal 925   http 200 9.931s
separation: [ 446/480] vantage   goal 926   http 200 11.205s
separation: [ 447/480] vantage   goal 927   http 200 10.546s
separation: [ 448/480] vantage   goal 928   http 200 10.534s
separation: [ 449/480] vantage   goal 929   http 200 10.146s
separation: [ 450/480] vantage   goal 930   http 200 10.638s
separation: [ 451/480] vantage   goal 931   http 200 10.759s
separation: [ 452/480] vantage   goal 932   http 200 10.442s
separation: [ 453/480] vantage   goal 933   http 200 10.750s
separation: [ 454/480] vantage   goal 934   http 200 10.848s
separation: [ 455/480] vantage   goal 935   http 200 10.758s
separation: [ 456/480] vantage   goal 937   http 200 9.927s
separation: [ 457/480] vantage   goal 936   http 200 10.909s
separation: [ 458/480] vantage   goal 938   http 200 11.278s
separation: [ 459/480] vantage   goal 939   http 200 10.636s
separation: [ 460/480] vantage   goal 941   http 200 10.283s
separation: [ 461/480] vantage   goal 940   http 200 10.957s
separation: [ 462/480] vantage   goal 942   http 200 9.425s
separation: [ 463/480] vantage   goal 943   http 200 9.533s
separation: [ 464/480] vantage   goal 945   http 200 10.034s
separation: [ 465/480] vantage   goal 944   http 200 10.047s
separation: [ 466/480] vantage   goal 946   http 200 9.828s
separation: [ 467/480] vantage   goal 947   http 200 10.243s
separation: [ 468/480] vantage   goal 949   http 200 10.243s
separation: [ 469/480] vantage   goal 948   http 200 10.311s
separation: [ 470/480] vantage   goal 950   http 200 10.434s
separation: [ 471/480] vantage   goal 951   http 200 11.558s
separation: [ 472/480] vantage   goal 952   http 200 10.532s
separation: [ 473/480] vantage   goal 953   http 200 10.477s
separation: [ 474/480] vantage   goal 954   http 200 10.261s
separation: [ 475/480] vantage   goal 955   http 200 10.346s
separation: [ 476/480] vantage   goal 957   http 200 10.255s
separation: [ 477/480] vantage   goal 956   http 200 10.876s
separation: [ 478/480] vantage   goal 958   http 200 10.531s
separation: [ 479/480] vantage   goal 959   http 200 9.937s
separation: [ 480/480] vantage   goal 960   http 200 9.716s

SEPARATION MATRIX
source: eval/logs/separation_raw_sealed_sealed_final.jsonl
arm       passes Meridian rules  passes Vantage rules  n    errors
------------------------------------------------------------------
base      0.0% (0/160)           0.0% (0/160)          160  0     
meridian  100.0% (160/160)       0.0% (0/160)          160  0     
vantage   0.0% (0/160)           100.0% (160/160)      160  0     

separation: wrote eval/logs/separation_matrix_sealed_sealed_final.json
separation: wall time 1151.65s over 480 requests
